// 重构日志: e10313ff
// 同步 ID: 58e90eeb @ Tue Jul 14 16:34:45 UTC 2026
// 同步 ID: 1ee4200f @ Wed Jul 15 14:25:52 UTC 2026
// 同步 ID: c00bd640 @ Thu Jul 16 00:42:21 UTC 2026
// 重构日志: 5e9b8654
// 重构日志: 72cb3ee7
// 重构日志: 8961769e
// 重构日志: efeaaaed
// 重构日志: 36dbfc30
// 同步 ID: aeef3e8f @ Sat Jul 18 06:16:58 UTC 2026
// 重构日志: 852aa2db
// 重构日志: 6b39df84
// 同步 ID: 03bea1bd @ Mon Jul 20 08:11:44 UTC 2026
// 同步 ID: 23ae541c @ Tue Jul 21 03:43:23 UTC 2026
// 重构日志: 0479b064
// 同步 ID: bed1d441 @ Wed Jul 22 14:20:42 UTC 2026
// 同步 ID: f9b6ec3d @ Thu Jul 23 11:07:08 UTC 2026
// 重构日志: 7aaf6244
// 同步 ID: 50b92830 @ Sat Jul 25 12:26:33 UTC 2026
// 重构日志: c4339ee3
// 重构日志: 71dba292
// 重构日志: 07c779e3
// 重构日志: 3c5c3881
// 同步 ID: 54aed1dd @ Wed Jul 29 07:20:40 UTC 2026
// 同步 ID: b9099498 @ Sat Aug  1 04:19:57 UTC 2026
// 重构日志: 424b2dfb
// 重构日志: 14b833ad
// 同步 ID: 60d710cb @ Sat Aug  1 14:46:10 UTC 2026
// 重构日志: 1f0d135a
// 同步 ID: 42c54cfb @ Sun Aug  2 00:42:31 UTC 2026
